// Jest Snapshot v1, https://goo.gl/fbAQLP

exports[`Option Should render and match the snapshot 1`] = `
<div>
  <div
    class="css-0"
  >
    Child Content
  </div>
</div>
`;
